Símbolo         Valor Decimal   Valor Hexadecimal
-------         -------------   -----------------
STACK                   65408                FF80
IVET                    65470                FFBE
INTS                    65496                FFD8
INTE                    65497                FFD9
TECST                   65498                FFDA
TECDT                   65499                FFDB
VISOR                   65500                FFDC
MAIN                       44                  2C
ANIMACAO                   60                  3C
ANIMACAO_INC               86                  56
ANIMACAO_FIM               94                  5E
CONTROLE                  101                  65
CONTROLE_NOT              131                  83
CONTROLE_FIM              135                  87
TECLADISPONIVEL           136                  88
GETTECLA                  141                  8D
WAIT                      150                  96
WAIT_1                    154                  9A
WAIT_2                    155                  9B
WAIT_2_LOOP               157                  9D
WAIT_3                    162                  A2
ISR                       173                  AD
ISR2                      203                  CB
ISRTIM                    214                  D6
ISRTIM_FIM                230                  E6
TICKCNT                   231                  E7
TICK                      233                  E9
ANDAR                     235                  EB
POSICAO                   237                  ED
