Símbolo         Valor Decimal   Valor Hexadecimal
-------         -------------   -----------------
_KERNEL                     0                   0
_VETTAB                   256                 100
_RESET                    512                 200
_APP                    32768                8000
_IOAREA16               65408                FF80
_IOAREA08               65472                FFC0
_STACK                  32767                7FFF
IVET                    65470                FFBE
TIMDT                   65495                FFD7
INTS                    65496                FFD8
INTE                    65497                FFD9
TECST                   65498                FFDA
TECDT                   65499                FFDB
VISOR                   65500                FFDC
GETCHAR                   554                 22A
LOOP_GETCHAR              554                 22A
PUTCHAR                   575                 23F
FIM_PUTCHAR               599                 257
PUTMSG                    600                 258
LOOP_PUTMSG               606                 25E
FIM_PUTMSG                622                 26E
CLR_VISOR                 623                 26F
LOOP_CLR_VISOR            627                 273
KBHIT                     640                 280
INCREMENTA                662                 296
FIM_KBHIT                 666                 29A
GET_TIMER                 667                 29B
CLR_TIMER                 672                 2A0
GET_TIMER_ON              679                 2A7
FIM_GET_TIMER_ON          687                 2AF
SET_TIMER_ON              688                 2B0
PARARTIMER                700                 2BC
FIM_SET_TIMER_ON          706                 2C2
GET_SPEED                 707                 2C3
ISR                       712                 2C8
RETORNA_ISRTEC            738                 2E2
VERIFICA_TIMER            744                 2E8
ISR_RETORNO               764                 2FC
ISR_TECLADO               777                 309
DIMINUI_VELOCIDADE        807                 327
AUMENTA_VELOCIDADE        823                 337
FIM_ISR_TECLADO_AD        839                 347
FIM_ISR_TECLADO           843                 34B
ISR_TIMER                 844                 34C
TIMERBUFFER               851                 353
TECBUFFER                 853                 355
CONTADORTIMER             855                 357
VELOCIDADECAR             857                 359
