Símbolo         Valor Decimal   Valor Hexadecimal
-------         -------------   -----------------
_KERNEL                     0                   0
_VETTAB                   256                 100
_RESET                    512                 200
_APP                    32768                8000
_IOAREA16               65408                FF80
_IOAREA08               65472                FFC0
STACK                   32767                7FFF
IVET                    65470                FFBE
TIMDT                   65495                FFD7
INTS                    65496                FFD8
INTE                    65497                FFD9
TECST                   65498                FFDA
TECDT                   65499                FFDB
VISOR                   65500                FFDC
GETCHAR                   558                 22E
PUTCHAR                   579                 243
FIM_PUTCHAR               619                 26B
PUTMSG                    620                 26C
PUTMSG_LOOP               622                 26E
FIM_PUTMSG                662                 296
CLR_VISOR                 663                 297
LOOP_VISOR                667                 29B
FIM_CLR                   681                 2A9
KBHIT                     682                 2AA
FIM_KHBIT                 698                 2BA
GET_TIMER                 699                 2BB
CLR_TIMER                 704                 2C0
GET_TIMER_ON              709                 2C5
SET_TIMER_ON              718                 2CE
FIM_SET                   734                 2DE
GET_SPEED                 735                 2DF
ISR                       740                 2E4
ISR2                      772                 304
CONT                      792                 318
ISRTIM                    805                 325
ISRTIM_FIM                811                 32B
ISRTEC                    818                 332
MORE_SPEED                844                 34C
LESS_SPEED                862                 35E
ISRTEC_FIM                880                 370
VAR_TIMER                 881                 371
VELOCIDADE                883                 373
NTS_TIMER                 885                 375
