Símbolo         Valor Decimal   Valor Hexadecimal
-------         -------------   -----------------
_KERNEL                     0                   0
_VETTAB                   256                 100
_RESET                    512                 200
_APP                    32768                8000
_IOAREA16               65408                FF80
_IOAREA08               65472                FFC0
IVET                    65470                FFBE
TIMDT                   65495                FFD7
INTS                    65496                FFD8
INTE                    65497                FFD9
TECST                   65498                FFDA
TECDT                   65499                FFDB
VISOR                   65500                FFDC
GETCHAR                   568                 238
PUTCHAR                   587                 24B
FIM_PUTCHAR               613                 265
PUTMSG                    614                 266
FIM_PUTMSG                650                 28A
CLR_VISOR                 651                 28B
FIM_CLR                   673                 2A1
KBHIT                     686                 2AE
FIM_KHBIT                 702                 2BE
GET_TIMER                 703                 2BF
CLR_TIMER                 708                 2C4
GET_TIMER_ON              713                 2C9
SET_TIMER_ON              722                 2D2
FIM_SET                   738                 2E2
GET_SPEED                 739                 2E3
ISR                       744                 2E8
ISR2                      776                 308
CONT                      796                 31C
ISRTIM                    809                 329
ISRTIM_FIM                815                 32F
ISRTEC                    822                 336
MORE_SPEED                848                 350
LESS_SPEED                866                 362
ISRTEC_FIM                884                 374
VAR_TIMER                 891                 37B
VELOCIDADE                893                 37D
NTS_TIMER                 895                 37F
STACK                   32767                7FFF
