Símbolo         Valor Decimal   Valor Hexadecimal
-------         -------------   -----------------
_KERNEL                     0                   0
_VETTAB                   256                 100
_RESET                    512                 200
_APP                    32768                8000
_IOAREA16               65408                FF80
_IOAREA08               65472                FFC0
STACK                   32767                7FFF
IVET                    65470                FFBE
TIMDT                   65495                FFD7
INTS                    65496                FFD8
INTE                    65497                FFD9
TECST                   65498                FFDA
TECDT                   65499                FFDB
VISOR                   65500                FFDC
GETCHAR                   558                 22E
PUTCHAR                   579                 243
FIM_PUTCHAR               607                 25F
PUTMSG                    608                 260
PUTMSG_LOOP               614                 266
FIM_PUTMSG                656                 290
CLR_VISOR                 657                 291
LOOP_VISOR                661                 295
FIM_CLR                   675                 2A3
KBHIT                     676                 2A4
FIM_KHBIT                 692                 2B4
GET_TIMER                 693                 2B5
CLR_TIMER                 698                 2BA
GET_TIMER_ON              703                 2BF
SET_TIMER_ON              712                 2C8
FIM_SET                   728                 2D8
GET_SPEED                 729                 2D9
ISR                       734                 2DE
ISR2                      766                 2FE
CONT                      786                 312
ISRTIM                    799                 31F
ISRTIM_FIM                805                 325
ISRTEC                    812                 32C
MORE_SPEED                838                 346
LESS_SPEED                856                 358
ISRTEC_FIM                874                 36A
VAR_TIMER                 875                 36B
VELOCIDADE                877                 36D
NTS_TIMER                 879                 36F
